// Jest Snapshot v1, https://goo.gl/fbAQLP

exports[`render VideoList snapshot test 1`] = `
<div
  class="MuiBox-root css-0"
  data-testid="video-list"
>
  <p
    class="MuiTypography-root MuiTypography-h3 css-13mkr37-MuiTypography-root"
    data-testid="empty-data-box"
  >
    Нет данных
  </p>
</div>
`;
