// Jest Snapshot v1, https://goo.gl/fbAQLP

exports[`render SearchField snapshot test 1`] = `
<form
  class="MuiBox-root css-hpgf8j"
  data-testid="search-field"
>
  <div
    class="MuiInput-root MuiInputBase-root MuiInputBase-colorPrimary MuiInputBase-fullWidth MuiInputBase-adornedEnd css-1qmitm0-MuiInputBase-root-MuiInput-root"
  >
    <input
      class="MuiInput-input MuiInputBase-input MuiInputBase-inputAdornedEnd css-1x51dt5-MuiInputBase-input-MuiInput-input"
      placeholder="Movies, series, keywords..."
      type="text"
      value=""
    />
    <div
      class="MuiInputAdornment-root MuiInputAdornment-positionEnd css-1laqsz7-MuiInputAdornment-root"
    >
      <button
        class="MuiButtonBase-root MuiIconButton-root MuiIconButton-sizeMedium css-1wgghly-MuiButtonBase-root-MuiIconButton-root"
        tabindex="0"
        type="submit"
      >
        <svg
          aria-hidden="true"
          class="MuiSvgIcon-root MuiSvgIcon-fontSizeMedium css-i4bv87-MuiSvgIcon-root"
          data-testid="SearchIcon"
          focusable="false"
          viewBox="0 0 24 24"
        >
          <path
            d="M15.5 14h-.79l-.28-.27C15.41 12.59 16 11.11 16 9.5 16 5.91 13.09 3 9.5 3S3 5.91 3 9.5 5.91 16 9.5 16c1.61 0 3.09-.59 4.23-1.57l.27.28v.79l5 4.99L20.49 19l-4.99-5zm-6 0C7.01 14 5 11.99 5 9.5S7.01 5 9.5 5 14 7.01 14 9.5 11.99 14 9.5 14z"
          />
        </svg>
        <span
          class="MuiTouchRipple-root css-8je8zh-MuiTouchRipple-root"
        />
      </button>
    </div>
  </div>
</form>
`;
