// Jest Snapshot v1, https://goo.gl/fbAQLP

exports[`render VideoItem snapshot test 1`] = `
<div
  class="MuiBox-root css-fncluw"
  data-testid="videoitem"
>
  <a
    class="MuiTypography-root MuiTypography-inherit MuiLink-root MuiLink-underlineAlways css-16t8mm7-MuiTypography-root-MuiLink-root"
    href="fakeUrl"
    rel="noopener noreferrer"
    target="_blank"
    title="Смотреть в новом окне"
  >
    <svg
      aria-hidden="true"
      class="MuiSvgIcon-root MuiSvgIcon-fontSizeLarge css-tzssek-MuiSvgIcon-root"
      data-testid="YouTubeIcon"
      focusable="false"
      viewBox="0 0 24 24"
    >
      <path
        d="M10 15l5.19-3L10 9v6m11.56-7.83c.13.47.22 1.1.28 1.9.07.8.1 1.49.1 2.09L22 12c0 2.19-.16 3.8-.44 4.83-.25.9-.83 1.48-1.73 1.73-.47.13-1.33.22-2.65.28-1.3.07-2.49.1-3.59.1L12 19c-4.19 0-6.8-.16-7.83-.44-.9-.25-1.48-.83-1.73-1.73-.13-.47-.22-1.1-.28-1.9-.07-.8-.1-1.49-.1-2.09L2 12c0-2.19.16-3.8.44-4.83.25-.9.83-1.48 1.73-1.73.47-.13 1.33-.22 2.65-.28 1.3-.07 2.49-.1 3.59-.1L12 5c4.19 0 6.8.16 7.83.44.9.25 1.48.83 1.73 1.73z"
      />
    </svg>
    <p
      class="MuiTypography-root MuiTypography-body1 css-19f7wsr-MuiTypography-root"
    >
      fakeName
    </p>
  </a>
</div>
`;
