// Jest Snapshot v1, https://goo.gl/fbAQLP

exports[`render SwipeListTemplate snapshot test 1`] = `
<div
  class="MuiGrid-root MuiGrid-container css-1nsfak8-MuiGrid-root"
  data-testid="swipe-list-template"
>
  <div
    class="MuiGrid-root MuiGrid-item MuiGrid-grid-lg-1 css-p038cf-MuiGrid-root"
  >
    <button
      class="MuiButton-root MuiButton-text MuiButton-textPrimary MuiButton-sizeMedium MuiButton-textSizeMedium MuiButtonBase-root  css-1e6y48t-MuiButtonBase-root-MuiButton-root"
      data-testid="swipe-list-prevbtn"
      tabindex="0"
      type="button"
    >
      <svg
        aria-hidden="true"
        class="MuiSvgIcon-root MuiSvgIcon-fontSizeLarge css-tzssek-MuiSvgIcon-root"
        data-testid="NavigateBeforeIcon"
        focusable="false"
        viewBox="0 0 24 24"
      >
        <path
          d="M15.41 7.41 14 6l-6 6 6 6 1.41-1.41L10.83 12z"
        />
      </svg>
      <span
        class="MuiTouchRipple-root css-8je8zh-MuiTouchRipple-root"
      />
    </button>
  </div>
  <div
    class="MuiGrid-root MuiGrid-item MuiGrid-grid-xs-12 MuiGrid-grid-lg-10 css-1hlpjpi-MuiGrid-root"
  >
    <div
      class="swiper swiper-initialized swiper-horizontal swiper-pointer-events"
    >
      <div
        class="swiper-wrapper"
        style="transition-duration: 0ms; transform: translate3d(NaNpx, 0px, 0px);"
      >
        <div
          class="swiper-slide"
        >
          <div
            class="MuiPaper-root MuiPaper-elevation MuiPaper-rounded MuiPaper-elevation1 MuiCard-root css-4ob670-MuiPaper-root-MuiCard-root"
            data-testid="smallCard"
          >
            <button
              class="MuiButtonBase-root MuiCardActionArea-root css-tqw9zv-MuiButtonBase-root-MuiCardActionArea-root"
              tabindex="0"
              type="button"
            >
              <img
                alt="fakeNameRu"
                class="MuiCardMedia-root MuiCardMedia-media MuiCardMedia-img css-o69gx8-MuiCardMedia-root"
                src="fakePosterUrlPreview"
                width="100%"
              />
              <div
                class="MuiCardContent-root css-46bh2p-MuiCardContent-root"
              >
                <p
                  class="MuiTypography-root MuiTypography-body1 MuiTypography-gutterBottom css-1ydyjjr-MuiTypography-root"
                >
                  fakeNameRu
                </p>
                <p
                  class="MuiTypography-root MuiTypography-body2 MuiTypography-gutterBottom css-12e029l-MuiTypography-root"
                >
                  fakeNameEng
                </p>
                <p
                  class="MuiTypography-root MuiTypography-body1 css-1pnmrwp-MuiTypography-root"
                >
                  2000
                  ,  
                  10ч10м
                </p>
              </div>
              <span
                class="MuiCardActionArea-focusHighlight css-1v2exvi-MuiCardActionArea-focusHighlight"
              />
              <span
                class="MuiTouchRipple-root css-8je8zh-MuiTouchRipple-root"
              />
            </button>
            <p
              class="MuiTypography-root MuiTypography-h3 css-1uovp3e-MuiTypography-root"
              data-testid="rating-badge"
            >
              7.0
            </p>
          </div>
        </div>
      </div>
    </div>
  </div>
  <div
    class="MuiGrid-root MuiGrid-item MuiGrid-grid-lg-1 css-p038cf-MuiGrid-root"
  >
    <button
      class="MuiButton-root MuiButton-text MuiButton-textPrimary MuiButton-sizeMedium MuiButton-textSizeMedium MuiButtonBase-root  css-1e6y48t-MuiButtonBase-root-MuiButton-root"
      data-testid="swipe-list-nextbtn"
      tabindex="0"
      type="button"
    >
      <svg
        aria-hidden="true"
        class="MuiSvgIcon-root MuiSvgIcon-fontSizeLarge css-tzssek-MuiSvgIcon-root"
        data-testid="NavigateNextIcon"
        focusable="false"
        viewBox="0 0 24 24"
      >
        <path
          d="M10 6 8.59 7.41 13.17 12l-4.58 4.59L10 18l6-6z"
        />
      </svg>
      <span
        class="MuiTouchRipple-root css-8je8zh-MuiTouchRipple-root"
      />
    </button>
  </div>
</div>
`;
