// Jest Snapshot v1, https://goo.gl/fbAQLP

exports[`render logo snapshot test 1`] = `
<button
  aria-label="hello button"
  class="MuiButton-root MuiButton-contained MuiButton-containedPrimary MuiButton-sizeLarge MuiButton-containedSizeLarge MuiButtonBase-root  css-9vsaea-MuiButtonBase-root-MuiButton-root"
  tabindex="0"
  type="button"
>
  Hello World
  <span
    class="MuiTouchRipple-root css-8je8zh-MuiTouchRipple-root"
  />
</button>
`;
