// Jest Snapshot v1, https://goo.gl/fbAQLP

exports[`render MenuMain snapshot test 1`] = `
<button
  aria-haspopup="true"
  class="MuiButton-root MuiButton-text MuiButton-textPrimary MuiButton-sizeMedium MuiButton-textSizeMedium MuiButtonBase-root  css-1qbbts5-MuiButtonBase-root-MuiButton-root"
  id="fade-button"
  tabindex="0"
  type="button"
>
  <svg
    aria-hidden="true"
    class="MuiSvgIcon-root MuiSvgIcon-fontSizeLarge css-tzssek-MuiSvgIcon-root"
    data-testid="MenuIcon"
    focusable="false"
    viewBox="0 0 24 24"
  >
    <path
      d="M3 18h18v-2H3v2zm0-5h18v-2H3v2zm0-7v2h18V6H3z"
    />
  </svg>
  <span
    class="MuiTouchRipple-root css-8je8zh-MuiTouchRipple-root"
  />
</button>
`;
