// Jest Snapshot v1, https://goo.gl/fbAQLP

exports[`render ExpandableList snapshot test 1`] = `
<div
  class="MuiBox-root css-zoser8"
  data-testid="expandable-list"
>
  <h2
    class="MuiTypography-root MuiTypography-h3 MuiTypography-gutterBottom css-9q8iy8-MuiTypography-root"
  >
    fakeTitle
  </h2>
  <div
    class="MuiGrid-root MuiGrid-container css-l4fv9m-MuiGrid-root"
  >
    <div
      class="MuiGrid-root MuiGrid-item MuiGrid-grid-xs-12 MuiGrid-grid-md-3 MuiGrid-grid-lg-2 css-57ri8o-MuiGrid-root"
    >
      <div
        class="MuiPaper-root MuiPaper-elevation MuiPaper-rounded MuiPaper-elevation1 MuiCard-root css-4ob670-MuiPaper-root-MuiCard-root"
        data-testid="smallCard"
      >
        <button
          class="MuiButtonBase-root MuiCardActionArea-root css-tqw9zv-MuiButtonBase-root-MuiCardActionArea-root"
          tabindex="0"
          type="button"
        >
          <img
            alt="fakeNameRu"
            class="MuiCardMedia-root MuiCardMedia-media MuiCardMedia-img css-o69gx8-MuiCardMedia-root"
            src="fakePosterUrlPreview"
            width="100%"
          />
          <div
            class="MuiCardContent-root css-46bh2p-MuiCardContent-root"
          >
            <p
              class="MuiTypography-root MuiTypography-body1 MuiTypography-gutterBottom css-1ydyjjr-MuiTypography-root"
            >
              fakeNameRu
            </p>
            <p
              class="MuiTypography-root MuiTypography-body2 MuiTypography-gutterBottom css-12e029l-MuiTypography-root"
            >
              fakeNameEng
            </p>
            <p
              class="MuiTypography-root MuiTypography-body1 css-1pnmrwp-MuiTypography-root"
            >
              2000
              ,  
              10ч10м
            </p>
          </div>
          <span
            class="MuiCardActionArea-focusHighlight css-1v2exvi-MuiCardActionArea-focusHighlight"
          />
          <span
            class="MuiTouchRipple-root css-8je8zh-MuiTouchRipple-root"
          />
        </button>
        <p
          class="MuiTypography-root MuiTypography-h3 css-1uovp3e-MuiTypography-root"
          data-testid="rating-badge"
        >
          7.0
        </p>
      </div>
    </div>
  </div>
  <div
    class="MuiBox-root css-4sywta"
  >
    <button
      class="MuiButton-root MuiButton-text MuiButton-textPrimary MuiButton-sizeMedium MuiButton-textSizeMedium MuiButtonBase-root  css-1e6y48t-MuiButtonBase-root-MuiButton-root"
      tabindex="0"
      type="button"
    >
      Еще
      <span
        class="MuiTouchRipple-root css-8je8zh-MuiTouchRipple-root"
      />
    </button>
  </div>
</div>
`;
